9bb5d0d merge_write: read with round-trip float precision so untouched rows keep their exact text
=== 2026-09-23 20:51:17  check inputs
inputs verified: 15 files match the data manifest
=== 2026-09-23 20:51:23  lesion infants
saved /home/users/mcfrank/ranch_rev/lesion/RANCH_model/granch_fast/phase1/infant_traj_lesion.npz (2, 480, 16, 5, 40)
saved /home/users/mcfrank/ranch_rev/lesion/RANCH_model/granch_fast/phase1/infant_scores_lesion.csv (228 rows)
saved /home/users/mcfrank/ranch_rev/lesion/RANCH_model/granch_fast/phase1/infant_winners_lesion_infants.csv (3 rows, 3 new)
  eig_code     [r2] grid 0.680 -> re-evaluated 0.660 (hab 0.96 dis 1.07)
  kl           [r2] grid 0.839 -> re-evaluated 0.767 (hab 0.91 dis 1.08)
  surprisal_b  [r2] grid 0.673 -> re-evaluated 0.598 (hab 0.86 dis 1.08)
=== 2026-09-23 21:20:22  lesion adults
saved /home/users/mcfrank/ranch_rev/lesion/RANCH_model/granch_fast/phase1/adult_preds_lesion.csv (22 rows)
/home/users/mcfrank/ranch_rev/lesion/RANCH_model/granch_fast/linking_mixed.py:85: RankWarning: Polyfit may be poorly conditioned
  b = np.polyfit(x[tr], y[tr], 1)
/home/users/mcfrank/ranch_rev/lesion/RANCH_model/granch_fast/linking_mixed.py:85: RankWarning: Polyfit may be poorly conditioned
  b = np.polyfit(x[tr], y[tr], 1)
saved adult_scores_lesion.csv / adult_scores21_lesion.csv
/home/users/mcfrank/ranch/venv/lib/python3.12/site-packages/numpy/lib/function_base.py:2897: RuntimeWarning: invalid value encountered in divide
  c /= stddev[:, None]
/home/users/mcfrank/ranch/venv/lib/python3.12/site-packages/numpy/lib/function_base.py:2898: RuntimeWarning: invalid value encountered in divide
  c /= stddev[None, :]
saved /home/users/mcfrank/ranch_rev/lesion/RANCH_model/granch_fast/phase1/adult_shortlist_lesion.csv (2 cells re-evaluated)
saved /home/users/mcfrank/ranch_rev/lesion/RANCH_model/granch_fast/phase1/adult_winners_lesion.csv (1 rows, 1 new)
  mi           [r2] grid 0.006 -> re-evaluated 0.020 (hab 1.00 dis 1.00)
=== 2026-09-23 21:27:19  done
