a2ab3a1 Plan: the protocol for the stochastic adult numbers
=== 2026-09-17 14:17:54  check inputs
inputs verified: 15 files match the data manifest
=== 2026-09-17 14:17:56  snapshot to /home/users/mcfrank/ranch/snapshots/44027063_before
=== 2026-09-17 14:17:57  winners infants R32
saved /home/users/mcfrank/ranch/RANCH_model/granch_fast/phase1/infant_winners.csv (5 rows)
  eig_code     [r2] grid 0.459 -> re-evaluated 0.076 (hab 0.89 dis 0.98)
  kl           [r2] grid 0.373 -> re-evaluated 0.231 (hab 0.73 dis 1.03)
  mi           [r2] grid 0.289 -> re-evaluated 0.229 (hab 0.64 dis 1.03)
  surprisal_b  [r2] grid 0.719 -> re-evaluated 0.579 (hab 0.96 dis 1.06)
  mi_concept   [r2] grid 0.755 -> re-evaluated 0.747 (hab 0.87 dis 1.12)
=== 2026-09-17 14:38:20  winners adults
saved /home/users/mcfrank/ranch/RANCH_model/granch_fast/phase1/adult_shortlist.csv (59 cells re-evaluated)
saved /home/users/mcfrank/ranch/RANCH_model/granch_fast/phase1/adult_winners.csv (6 rows)
  eig_code     [r2] grid 0.278 -> re-evaluated 0.244 (hab 0.33 dis 1.16)
  mi           [r2] grid 0.269 -> re-evaluated 0.256 (hab 0.27 dis 1.34)
  kl           [r2] grid 0.327 -> re-evaluated 0.281 (hab 0.30 dis 1.41)
  kl           [rmse] grid 0.296 -> re-evaluated 0.298 (hab 0.30 dis 1.37)
  surprisal_b  [r2] grid 0.556 -> re-evaluated 0.772 (hab 0.83 dis 1.10)
  mi_concept   [r2] grid 0.637 -> re-evaluated 0.851 (hab 0.82 dis 1.11)
=== 2026-09-17 17:03:58  phase2 main
saved /home/users/mcfrank/ranch/RANCH_model/granch_fast/phase1/phase2_results.csv (15 rows)
  [eig_code | paper] infants Exp1 R2 0.750 -> Exp2 R2 0.521 (anim>iden>numb>pose>back); adults Exp1 0.900 -> Exp2 0.746 (anim>iden>numb>pose)
  [eig_code | within] infants Exp1 R2 0.750 -> Exp2 R2 0.521 (anim>iden>numb>pose>back); adults Exp1 0.900 -> Exp2 0.746 (anim>iden>numb>pose)
  [eig_code | joint] infants Exp1 R2 0.733 -> Exp2 R2 0.530 (anim>iden>numb>pose>back); adults Exp1 0.855 -> Exp2 0.555 (anim>iden>numb>pose)
  [eig_within | paper] infants Exp1 R2 0.763 -> Exp2 R2 0.521 (anim>iden>numb>pose>back); adults Exp1 0.899 -> Exp2 0.708 (anim>iden>numb>pose)
  [eig_within | within] infants Exp1 R2 0.763 -> Exp2 R2 0.521 (anim>iden>numb>pose>back); adults Exp1 0.899 -> Exp2 0.708 (anim>iden>numb>pose)
  [eig_within | joint] infants Exp1 R2 0.735 -> Exp2 R2 0.505 (anim>iden>numb>pose>back); adults Exp1 0.877 -> Exp2 0.544 (anim>iden>numb>pose)
  [kl | paper] infants Exp1 R2 0.783 -> Exp2 R2 0.438 (anim>iden>numb>pose>back); adults Exp1 0.897 -> Exp2 0.706 (anim>iden>numb>pose)
  [kl | within] infants Exp1 R2 0.783 -> Exp2 R2 0.438 (anim>iden>numb>pose>back); adults Exp1 0.897 -> Exp2 0.706 (anim>iden>numb>pose)
  [kl | joint] infants Exp1 R2 0.741 -> Exp2 R2 0.518 (anim>iden>numb>pose>back); adults Exp1 0.884 -> Exp2 0.547 (anim>iden>numb>pose)
  [mi | paper] infants Exp1 R2 0.747 -> Exp2 R2 0.482 (anim>iden>numb>pose>back); adults Exp1 0.848 -> Exp2 0.612 (anim>iden>numb>pose)
  [mi | within] infants Exp1 R2 0.747 -> Exp2 R2 0.482 (anim>iden>numb>pose>back); adults Exp1 0.854 -> Exp2 0.605 (anim>iden>numb>pose)
  [mi | joint] infants Exp1 R2 0.736 -> Exp2 R2 0.455 (anim>iden>numb>pose>back); adults Exp1 0.829 -> Exp2 0.620 (anim>iden>numb>pose)
  [surprisal_b | paper] infants Exp1 R2 0.728 -> Exp2 R2 0.470 (anim>iden>numb>pose>back); adults Exp1 0.874 -> Exp2 0.556 (anim>iden>numb>pose)
  [surprisal_b | within] infants Exp1 R2 0.720 -> Exp2 R2 0.489 (anim>iden>numb>back>pose); adults Exp1 0.874 -> Exp2 0.556 (anim>iden>numb>pose)
  [surprisal_b | joint] infants Exp1 R2 0.718 -> Exp2 R2 0.465 (anim>iden>numb>pose>back); adults Exp1 0.862 -> Exp2 0.549 (anim>iden>numb>pose)
=== 2026-09-17 17:04:27  phase2 selfcons
saved /home/users/mcfrank/ranch/RANCH_model/granch_fast/phase1/phase2_selfcons_results.csv (10 rows)
  [eig_code | paper] infants Exp1 R2 0.459 -> Exp2 R2 0.373 (back>iden>numb>pose>anim); adults Exp1 0.244 -> Exp2 0.285 (numb>pose>iden>anim)
  [eig_code | r2] infants Exp1 R2 0.459 -> Exp2 R2 0.373 (back>iden>numb>pose>anim); adults Exp1 0.244 -> Exp2 0.285 (numb>pose>iden>anim)
  [mi | paper] infants Exp1 R2 0.289 -> Exp2 R2 0.035 (iden>back>anim>numb>pose); adults Exp1 0.256 -> Exp2 0.372 (anim>iden>numb>pose)
  [mi | r2] infants Exp1 R2 0.289 -> Exp2 R2 0.035 (iden>back>anim>numb>pose); adults Exp1 0.256 -> Exp2 0.372 (anim>iden>numb>pose)
  [kl | paper] infants Exp1 R2 0.373 -> Exp2 R2 0.127 (iden>numb>anim>back>pose); adults Exp1 0.298 -> Exp2 0.461 (anim>iden>numb>pose)
  [kl | r2] infants Exp1 R2 0.373 -> Exp2 R2 0.127 (iden>numb>anim>back>pose); adults Exp1 0.281 -> Exp2 0.486 (anim>iden>numb>pose)
  [surprisal_b | paper] infants Exp1 R2 0.719 -> Exp2 R2 0.494 (anim>iden>numb>pose>back); adults Exp1 0.772 -> Exp2 0.641 (anim>iden>numb>pose)
  [surprisal_b | r2] infants Exp1 R2 0.719 -> Exp2 R2 0.494 (anim>iden>numb>pose>back); adults Exp1 0.772 -> Exp2 0.641 (anim>iden>numb>pose)
  [mi_concept | paper] infants Exp1 R2 0.755 -> Exp2 R2 0.510 (anim>iden>numb>pose>back); adults Exp1 0.851 -> Exp2 0.787 (anim>iden>numb>pose)
  [mi_concept | r2] infants Exp1 R2 0.755 -> Exp2 R2 0.510 (anim>iden>numb>pose>back); adults Exp1 0.851 -> Exp2 0.787 (anim>iden>numb>pose)
=== 2026-09-17 17:57:24  figures
figB1: implemented EIG r=+0.28 hab=0.89 dis=0.98 [R32]; KL r=+0.48 hab=0.73 dis=1.03 [R32]; true EIG r=+0.48 hab=0.64 dis=1.03 [R32]; surprisal r=+0.76 hab=0.96 dis=1.06 [R32]; concept EIG r=+0.86 hab=0.87 dis=1.12 [R32]
figB2: mechanism trajectories written
figB3:
                                                         config  hab  dis  kind
                                         human (infants, Exp 1) 0.57 1.72 human
   PUBLISHED: noiseless + inferred eps + implemented EIG + grid 0.34 2.80 works
             CORRECTED: noiseless + FIXED eps + implemented EIG 0.55 1.58 works
 noiseless + inferred eps, EXACT inference (any DV; degenerate) 0.51 1.00 fails
                         noisy + inferred eps + implemented EIG 0.89 0.98 fails
 noisy + inferred eps + total EIG (incl. information about eps) 0.64 1.03 fails
CONCEPTUAL: noisy + inferred eps + CONCEPT EIG (eps a nuisance) 0.87 1.12 works
          noiseless + fixed eps + true EIG (max-dishab setting) 0.93 1.18 fails
figB4: implemented EIG R2=0.24 hab=0.33 dis=1.02; KL R2=0.28 hab=0.30 dis=1.15; true EIG R2=0.26 hab=0.27 dis=1.06; concept EIG R2=0.85 hab=0.82 dis=1.14; surprisal R2=0.77 hab=0.83 dis=1.13
report v3, Table 2: published model rescored -> published_rescored.csv
figC1-4 (concept EIG at the paper-rule cells): exp1_infants R2=0.747; exp1_adults R2=0.851; exp2_infants R2=0.510; exp2_adults R2=0.787
figB5: novel/familiar at t1 and t5 by quantity:
  1. noiseless world, eps fixed .1     I_mu (concept mean)          t1   0.99  t5   0.97
  1. noiseless world, eps fixed .1     I_sigma (spread & noise)     t1   3.26  t5   7.80
  1. noiseless world, eps fixed .1     total (true EIG)             t1   1.29  t5   1.50
  1. noiseless world, eps fixed .1     concept EIG (eps nuisance)   t1   1.29  t5   1.50
  1. noiseless world, eps fixed .1     KL (realized)                t1   1.37  t5   2.45
  1. noiseless world, eps fixed .1     implemented EIG              t1   1.51  t5   1.88
  2. noisy world (.1), eps fixed .1    I_mu (concept mean)          t1   0.99  t5   0.98
  2. noisy world (.1), eps fixed .1    I_sigma (spread & noise)     t1   1.54  t5   3.33
  2. noisy world (.1), eps fixed .1    total (true EIG)             t1   1.18  t5   1.40
  2. noisy world (.1), eps fixed .1    concept EIG (eps nuisance)   t1   1.18  t5   1.40
  2. noisy world (.1), eps fixed .1    KL (realized)                t1   1.39  t5   1.39
  2. noisy world (.1), eps fixed .1    implemented EIG              t1   1.08  t5   1.18
  3. noisy world (.1), eps inferred    I_mu (concept mean)          t1   0.99  t5   0.98
  3. noisy world (.1), eps inferred    I_sigma (spread & noise)     t1   1.11  t5   1.03
  3. noisy world (.1), eps inferred    total (true EIG)             t1   1.08  t5   1.03
  3. noisy world (.1), eps inferred    concept EIG (eps nuisance)   t1   1.16  t5   1.33
  3. noisy world (.1), eps inferred    KL (realized)                t1   1.37  t5   1.02
  3. noisy world (.1), eps inferred    implemented EIG              t1   1.01  t5   0.93
=== 2026-09-17 18:09:10  done
