914d063 Compute only the variable a stage needs: adult rollouts, re-evaluations, Exp-2 predictions
=== 2026-09-16 15:23:57  adults main
saved /home/users/mcfrank/ranch/RANCH_model/granch_fast/phase1/adult_preds_main.csv (7290 rows)
/home/users/mcfrank/ranch/RANCH_model/granch_fast/linking_mixed.py:85: RankWarning: Polyfit may be poorly conditioned
  b = np.polyfit(x[tr], y[tr], 1)
/home/users/mcfrank/ranch/RANCH_model/granch_fast/linking_mixed.py:85: RankWarning: Polyfit may be poorly conditioned
  b = np.polyfit(x[tr], y[tr], 1)
/home/users/mcfrank/ranch/RANCH_model/granch_fast/linking_mixed.py:85: RankWarning: Polyfit may be poorly conditioned
  b = np.polyfit(x[tr], y[tr], 1)
/home/users/mcfrank/ranch/RANCH_model/granch_fast/linking_mixed.py:85: RankWarning: Polyfit may be poorly conditioned
  b = np.polyfit(x[tr], y[tr], 1)
/home/users/mcfrank/ranch/RANCH_model/granch_fast/linking_mixed.py:85: RankWarning: Polyfit may be poorly conditioned
  b = np.polyfit(x[tr], y[tr], 1)
/home/users/mcfrank/ranch/RANCH_model/granch_fast/linking_mixed.py:85: RankWarning: Polyfit may be poorly conditioned
  b = np.polyfit(x[tr], y[tr], 1)
/home/users/mcfrank/ranch/RANCH_model/granch_fast/linking_mixed.py:85: RankWarning: Polyfit may be poorly conditioned
  b = np.polyfit(x[tr], y[tr], 1)
/home/users/mcfrank/ranch/RANCH_model/granch_fast/linking_mixed.py:85: RankWarning: Polyfit may be poorly conditioned
  b = np.polyfit(x[tr], y[tr], 1)
/home/users/mcfrank/ranch/RANCH_model/granch_fast/linking_mixed.py:85: RankWarning: Polyfit may be poorly conditioned
  b = np.polyfit(x[tr], y[tr], 1)
/home/users/mcfrank/ranch/RANCH_model/granch_fast/linking_mixed.py:85: RankWarning: Polyfit may be poorly conditioned
  b = np.polyfit(x[tr], y[tr], 1)
/home/users/mcfrank/ranch/RANCH_model/granch_fast/linking_mixed.py:85: RankWarning: Polyfit may be poorly conditioned
  b = np.polyfit(x[tr], y[tr], 1)
/home/users/mcfrank/ranch/RANCH_model/granch_fast/linking_mixed.py:85: RankWarning: Polyfit may be poorly conditioned
  b = np.polyfit(x[tr], y[tr], 1)
/home/users/mcfrank/ranch/RANCH_model/granch_fast/linking_mixed.py:85: RankWarning: Polyfit may be poorly conditioned
  b = np.polyfit(x[tr], y[tr], 1)
/home/users/mcfrank/ranch/RANCH_model/granch_fast/linking_mixed.py:85: RankWarning: Polyfit may be poorly conditioned
  b = np.polyfit(x[tr], y[tr], 1)
/home/users/mcfrank/ranch/RANCH_model/granch_fast/linking_mixed.py:85: RankWarning: Polyfit may be poorly conditioned
  b = np.polyfit(x[tr], y[tr], 1)
/home/users/mcfrank/ranch/RANCH_model/granch_fast/linking_mixed.py:85: RankWarning: Polyfit may be poorly conditioned
  b = np.polyfit(x[tr], y[tr], 1)
/home/users/mcfrank/ranch/RANCH_model/granch_fast/linking_mixed.py:85: RankWarning: Polyfit may be poorly conditioned
  b = np.polyfit(x[tr], y[tr], 1)
/home/users/mcfrank/ranch/RANCH_model/granch_fast/linking_mixed.py:85: RankWarning: Polyfit may be poorly conditioned
  b = np.polyfit(x[tr], y[tr], 1)
/home/users/mcfrank/ranch/RANCH_model/granch_fast/linking_mixed.py:85: RankWarning: Polyfit may be poorly conditioned
  b = np.polyfit(x[tr], y[tr], 1)
/home/users/mcfrank/ranch/RANCH_model/granch_fast/linking_mixed.py:85: RankWarning: Polyfit may be poorly conditioned
  b = np.polyfit(x[tr], y[tr], 1)
/home/users/mcfrank/ranch/RANCH_model/granch_fast/linking_mixed.py:85: RankWarning: Polyfit may be poorly conditioned
  b = np.polyfit(x[tr], y[tr], 1)
/home/users/mcfrank/ranch/RANCH_model/granch_fast/linking_mixed.py:85: RankWarning: Polyfit may be poorly conditioned
  b = np.polyfit(x[tr], y[tr], 1)
/home/users/mcfrank/ranch/RANCH_model/granch_fast/linking_mixed.py:85: RankWarning: Polyfit may be poorly conditioned
  b = np.polyfit(x[tr], y[tr], 1)
/home/users/mcfrank/ranch/RANCH_model/granch_fast/linking_mixed.py:85: RankWarning: Polyfit may be poorly conditioned
  b = np.polyfit(x[tr], y[tr], 1)
/home/users/mcfrank/ranch/RANCH_model/granch_fast/linking_mixed.py:85: RankWarning: Polyfit may be poorly conditioned
  b = np.polyfit(x[tr], y[tr], 1)
/home/users/mcfrank/ranch/RANCH_model/granch_fast/linking_mixed.py:85: RankWarning: Polyfit may be poorly conditioned
  b = np.polyfit(x[tr], y[tr], 1)
/home/users/mcfrank/ranch/RANCH_model/granch_fast/linking_mixed.py:85: RankWarning: Polyfit may be poorly conditioned
  b = np.polyfit(x[tr], y[tr], 1)
/home/users/mcfrank/ranch/RANCH_model/granch_fast/linking_mixed.py:85: RankWarning: Polyfit may be poorly conditioned
  b = np.polyfit(x[tr], y[tr], 1)
/home/users/mcfrank/ranch/RANCH_model/granch_fast/linking_mixed.py:85: RankWarning: Polyfit may be poorly conditioned
  b = np.polyfit(x[tr], y[tr], 1)
/home/users/mcfrank/ranch/RANCH_model/granch_fast/linking_mixed.py:85: RankWarning: Polyfit may be poorly conditioned
  b = np.polyfit(x[tr], y[tr], 1)
/home/users/mcfrank/ranch/RANCH_model/granch_fast/linking_mixed.py:85: RankWarning: Polyfit may be poorly conditioned
  b = np.polyfit(x[tr], y[tr], 1)
/home/users/mcfrank/ranch/RANCH_model/granch_fast/linking_mixed.py:85: RankWarning: Polyfit may be poorly conditioned
  b = np.polyfit(x[tr], y[tr], 1)
/home/users/mcfrank/ranch/RANCH_model/granch_fast/linking_mixed.py:85: RankWarning: Polyfit may be poorly conditioned
  b = np.polyfit(x[tr], y[tr], 1)
/home/users/mcfrank/ranch/RANCH_model/granch_fast/linking_mixed.py:85: RankWarning: Polyfit may be poorly conditioned
  b = np.polyfit(x[tr], y[tr], 1)
/home/users/mcfrank/ranch/RANCH_model/granch_fast/linking_mixed.py:85: RankWarning: Polyfit may be poorly conditioned
  b = np.polyfit(x[tr], y[tr], 1)
/home/users/mcfrank/ranch/RANCH_model/granch_fast/linking_mixed.py:85: RankWarning: Polyfit may be poorly conditioned
  b = np.polyfit(x[tr], y[tr], 1)
/home/users/mcfrank/ranch/RANCH_model/granch_fast/linking_mixed.py:85: RankWarning: Polyfit may be poorly conditioned
  b = np.polyfit(x[tr], y[tr], 1)
/home/users/mcfrank/ranch/RANCH_model/granch_fast/linking_mixed.py:85: RankWarning: Polyfit may be poorly conditioned
  b = np.polyfit(x[tr], y[tr], 1)
/home/users/mcfrank/ranch/RANCH_model/granch_fast/linking_mixed.py:85: RankWarning: Polyfit may be poorly conditioned
  b = np.polyfit(x[tr], y[tr], 1)
/home/users/mcfrank/ranch/RANCH_model/granch_fast/linking_mixed.py:85: RankWarning: Polyfit may be poorly conditioned
  b = np.polyfit(x[tr], y[tr], 1)
/home/users/mcfrank/ranch/RANCH_model/granch_fast/linking_mixed.py:85: RankWarning: Polyfit may be poorly conditioned
  b = np.polyfit(x[tr], y[tr], 1)
/home/users/mcfrank/ranch/RANCH_model/granch_fast/linking_mixed.py:85: RankWarning: Polyfit may be poorly conditioned
  b = np.polyfit(x[tr], y[tr], 1)
/home/users/mcfrank/ranch/RANCH_model/granch_fast/linking_mixed.py:85: RankWarning: Polyfit may be poorly conditioned
  b = np.polyfit(x[tr], y[tr], 1)
/home/users/mcfrank/ranch/RANCH_model/granch_fast/linking_mixed.py:85: RankWarning: Polyfit may be poorly conditioned
  b = np.polyfit(x[tr], y[tr], 1)
/home/users/mcfrank/ranch/RANCH_model/granch_fast/linking_mixed.py:85: RankWarning: Polyfit may be poorly conditioned
  b = np.polyfit(x[tr], y[tr], 1)
/home/users/mcfrank/ranch/RANCH_model/granch_fast/linking_mixed.py:85: RankWarning: Polyfit may be poorly conditioned
  b = np.polyfit(x[tr], y[tr], 1)
saved adult_scores_main.csv / adult_scores21_main.csv
=== 2026-09-16 15:44:41  adults base
saved /home/users/mcfrank/ranch/RANCH_model/granch_fast/phase1/adult_preds_selfcons.csv (360 rows)
saved adult_scores_selfcons.csv / adult_scores21_selfcons.csv
=== 2026-09-16 17:11:36  adults ext
saved /home/users/mcfrank/ranch/RANCH_model/granch_fast/phase1/adult_preds_selfcons_ext.csv (1760 rows)
saved adult_scores_selfcons_ext.csv / adult_scores21_selfcons_ext.csv
=== 2026-09-16 22:10:53  winners infants R32
saved /home/users/mcfrank/ranch/RANCH_model/granch_fast/phase1/infant_winners.csv (5 rows)
  eig_code     [r2] grid 0.459 -> re-evaluated 0.076 (hab 0.89 dis 0.98)
  kl           [r2] grid 0.373 -> re-evaluated 0.231 (hab 0.73 dis 1.03)
  mi           [r2] grid 0.289 -> re-evaluated 0.229 (hab 0.64 dis 1.03)
  surprisal_b  [r2] grid 0.719 -> re-evaluated 0.579 (hab 0.96 dis 1.06)
  mi_concept   [r2] grid 0.755 -> re-evaluated 0.747 (hab 0.87 dis 1.12)
=== 2026-09-16 22:31:11  winners adults R64
saved /home/users/mcfrank/ranch/RANCH_model/granch_fast/phase1/adult_winners.csv (7 rows)
  eig_code     [r2] grid 0.297 -> re-evaluated 0.222 (hab 0.27 dis 1.38)
  mi           [r2] grid 0.304 -> re-evaluated 0.212 (hab 0.27 dis 1.34)
  mi           [rmse] grid 0.300 -> re-evaluated 0.238 (hab 0.28 dis 1.14)
  kl           [r2] grid 0.348 -> re-evaluated 0.282 (hab 0.31 dis 1.35)
  surprisal_b  [r2] grid 0.559 -> re-evaluated 0.004 (hab 0.93 dis 1.05)
  mi_concept   [r2] grid 0.699 -> re-evaluated 0.639 (hab 0.76 dis 1.13)
  mi_concept   [rmse] grid 0.692 -> re-evaluated 0.728 (hab 0.77 dis 1.15)
=== 2026-09-16 22:40:06  phase2 main
saved /home/users/mcfrank/ranch/RANCH_model/granch_fast/phase1/phase2_results.csv (15 rows)
  [eig_code | paper] infants Exp1 R2 0.750 -> Exp2 R2 0.521 (anim>iden>numb>pose>back); adults Exp1 0.900 -> Exp2 0.746 (anim>iden>numb>pose)
  [eig_code | within] infants Exp1 R2 0.750 -> Exp2 R2 0.521 (anim>iden>numb>pose>back); adults Exp1 0.900 -> Exp2 0.746 (anim>iden>numb>pose)
  [eig_code | joint] infants Exp1 R2 0.733 -> Exp2 R2 0.530 (anim>iden>numb>pose>back); adults Exp1 0.855 -> Exp2 0.555 (anim>iden>numb>pose)
  [eig_within | paper] infants Exp1 R2 0.763 -> Exp2 R2 0.521 (anim>iden>numb>pose>back); adults Exp1 0.899 -> Exp2 0.708 (anim>iden>numb>pose)
  [eig_within | within] infants Exp1 R2 0.763 -> Exp2 R2 0.521 (anim>iden>numb>pose>back); adults Exp1 0.899 -> Exp2 0.708 (anim>iden>numb>pose)
  [eig_within | joint] infants Exp1 R2 0.735 -> Exp2 R2 0.505 (anim>iden>numb>pose>back); adults Exp1 0.877 -> Exp2 0.544 (anim>iden>numb>pose)
  [kl | paper] infants Exp1 R2 0.783 -> Exp2 R2 0.438 (anim>iden>numb>pose>back); adults Exp1 0.897 -> Exp2 0.706 (anim>iden>numb>pose)
  [kl | within] infants Exp1 R2 0.783 -> Exp2 R2 0.438 (anim>iden>numb>pose>back); adults Exp1 0.897 -> Exp2 0.706 (anim>iden>numb>pose)
  [kl | joint] infants Exp1 R2 0.741 -> Exp2 R2 0.518 (anim>iden>numb>pose>back); adults Exp1 0.884 -> Exp2 0.547 (anim>iden>numb>pose)
  [mi | paper] infants Exp1 R2 0.747 -> Exp2 R2 0.482 (anim>iden>numb>pose>back); adults Exp1 0.848 -> Exp2 0.612 (anim>iden>numb>pose)
  [mi | within] infants Exp1 R2 0.747 -> Exp2 R2 0.482 (anim>iden>numb>pose>back); adults Exp1 0.854 -> Exp2 0.605 (anim>iden>numb>pose)
  [mi | joint] infants Exp1 R2 0.736 -> Exp2 R2 0.455 (anim>iden>numb>pose>back); adults Exp1 0.829 -> Exp2 0.620 (anim>iden>numb>pose)
  [surprisal_b | paper] infants Exp1 R2 0.728 -> Exp2 R2 0.470 (anim>iden>numb>pose>back); adults Exp1 0.874 -> Exp2 0.556 (anim>iden>numb>pose)
  [surprisal_b | within] infants Exp1 R2 0.720 -> Exp2 R2 0.489 (anim>iden>numb>back>pose); adults Exp1 0.874 -> Exp2 0.556 (anim>iden>numb>pose)
  [surprisal_b | joint] infants Exp1 R2 0.718 -> Exp2 R2 0.465 (anim>iden>numb>pose>back); adults Exp1 0.862 -> Exp2 0.549 (anim>iden>numb>pose)
=== 2026-09-16 22:40:35  phase2 selfcons
saved /home/users/mcfrank/ranch/RANCH_model/granch_fast/phase1/phase2_selfcons_results.csv (10 rows)
  [eig_code | paper] infants Exp1 R2 0.459 -> Exp2 R2 0.373 (back>iden>numb>pose>anim); adults Exp1 0.297 -> Exp2 0.250 (numb>anim>pose>iden)
  [eig_code | r2] infants Exp1 R2 0.459 -> Exp2 R2 0.373 (back>iden>numb>pose>anim); adults Exp1 0.297 -> Exp2 0.250 (numb>anim>pose>iden)
  [mi | paper] infants Exp1 R2 0.289 -> Exp2 R2 0.035 (iden>back>anim>numb>pose); adults Exp1 0.300 -> Exp2 0.353 (iden>pose>anim>numb)
  [mi | r2] infants Exp1 R2 0.289 -> Exp2 R2 0.035 (iden>back>anim>numb>pose); adults Exp1 0.304 -> Exp2 0.231 (pose>anim>iden>numb)
  [kl | paper] infants Exp1 R2 0.373 -> Exp2 R2 0.127 (iden>numb>anim>back>pose); adults Exp1 0.348 -> Exp2 0.445 (anim>iden>numb>pose)
  [kl | r2] infants Exp1 R2 0.373 -> Exp2 R2 0.127 (iden>numb>anim>back>pose); adults Exp1 0.348 -> Exp2 0.445 (anim>iden>numb>pose)
  [surprisal_b | paper] infants Exp1 R2 0.719 -> Exp2 R2 0.494 (anim>iden>numb>pose>back); adults Exp1 0.559 -> Exp2 0.003 (pose>iden>anim>numb)
  [surprisal_b | r2] infants Exp1 R2 0.719 -> Exp2 R2 0.494 (anim>iden>numb>pose>back); adults Exp1 0.559 -> Exp2 0.003 (pose>iden>anim>numb)
  [mi_concept | paper] infants Exp1 R2 0.755 -> Exp2 R2 0.510 (anim>iden>numb>pose>back); adults Exp1 0.692 -> Exp2 0.613 (anim>iden>numb>pose)
  [mi_concept | r2] infants Exp1 R2 0.755 -> Exp2 R2 0.510 (anim>iden>numb>pose>back); adults Exp1 0.699 -> Exp2 0.640 (anim>iden>numb>pose)
=== 2026-09-16 23:00:20  lesion infants
saved /home/users/mcfrank/ranch/RANCH_model/granch_fast/phase1/infant_traj_lesion.npz (2, 480, 16, 5, 40)
saved /home/users/mcfrank/ranch/RANCH_model/granch_fast/phase1/infant_scores_lesion.csv (228 rows)
=== 2026-09-16 23:20:07  lesion adults
saved /home/users/mcfrank/ranch/RANCH_model/granch_fast/phase1/adult_preds_lesion.csv (22 rows)
/home/users/mcfrank/ranch/RANCH_model/granch_fast/linking_mixed.py:85: RankWarning: Polyfit may be poorly conditioned
  b = np.polyfit(x[tr], y[tr], 1)
/home/users/mcfrank/ranch/RANCH_model/granch_fast/linking_mixed.py:85: RankWarning: Polyfit may be poorly conditioned
  b = np.polyfit(x[tr], y[tr], 1)
/home/users/mcfrank/ranch/RANCH_model/granch_fast/linking_mixed.py:85: RankWarning: Polyfit may be poorly conditioned
  b = np.polyfit(x[tr], y[tr], 1)
/home/users/mcfrank/ranch/RANCH_model/granch_fast/linking_mixed.py:85: RankWarning: Polyfit may be poorly conditioned
  b = np.polyfit(x[tr], y[tr], 1)
saved adult_scores_lesion.csv / adult_scores21_lesion.csv
=== 2026-09-16 23:20:11  figures
Traceback (most recent call last):
  File "<frozen runpy>", line 198, in _run_module_as_main
  File "<frozen runpy>", line 88, in _run_code
  File "/home/users/mcfrank/ranch/RANCH_model/ranch/__main__.py", line 146, in <module>
    sys.exit(main())
             ^^^^^^
  File "/home/users/mcfrank/ranch/RANCH_model/ranch/__main__.py", line 142, in main
    figures.write_all(OUT, procs=a.procs, smoke=a.smoke)
  File "/home/users/mcfrank/ranch/RANCH_model/ranch/figures.py", line 191, in write_all
    cm = config_map(pd.read_csv(f"{out}/infant_scores_main.csv"), pd.read_csv(f"{out}/infant_scores_infeps.csv"), meta)
         ^^^^^^^^^^^^^^^^^^^^^^^^^^^^^^^^^^^^^^^^^^^^^^^^^^^^^^^^^^^^^^^^^^^^^^^^^^^^^^^^^^^^^^^^^^^^^^^^^^^^^^^^^^^^^^
  File "/home/users/mcfrank/ranch/RANCH_model/ranch/figures.py", line 78, in config_map
    la = pd.read_csv(f"{data.PAPER}/data/infants/unscaled_model_data/linked_aligned_eig_unscaled_onlyanimals.csv").dropna(subset=["trial_number"])
         ^^^^^^^^^^^^^^^^^^^^^^^^^^^^^^^^^^^^^^^^^^^^^^^^^^^^^^^^^^^^^^^^^^^^^^^^^^^^^^^^^^^^^^^^^^^^^^^^^^^^^^^^^
  File "/home/users/mcfrank/ranch/venv/lib/python3.12/site-packages/pandas/io/parsers/readers.py", line 1026, in read_csv
    return _read(filepath_or_buffer, kwds)
           ^^^^^^^^^^^^^^^^^^^^^^^^^^^^^^^
  File "/home/users/mcfrank/ranch/venv/lib/python3.12/site-packages/pandas/io/parsers/readers.py", line 620, in _read
    parser = TextFileReader(filepath_or_buffer, **kwds)
             ^^^^^^^^^^^^^^^^^^^^^^^^^^^^^^^^^^^^^^^^^^
  File "/home/users/mcfrank/ranch/venv/lib/python3.12/site-packages/pandas/io/parsers/readers.py", line 1620, in __init__
    self._engine = self._make_engine(f, self.engine)
                   ^^^^^^^^^^^^^^^^^^^^^^^^^^^^^^^^^
  File "/home/users/mcfrank/ranch/venv/lib/python3.12/site-packages/pandas/io/parsers/readers.py", line 1880, in _make_engine
    self.handles = get_handle(
                   ^^^^^^^^^^^
  File "/home/users/mcfrank/ranch/venv/lib/python3.12/site-packages/pandas/io/common.py", line 873, in get_handle
    handle = open(
             ^^^^^
FileNotFoundError: [Errno 2] No such file or directory: '/home/users/mcfrank/ranch/pkbb_paper_writing/data/infants/unscaled_model_data/linked_aligned_eig_unscaled_onlyanimals.csv'
figB1: implemented EIG r=+0.28 hab=0.89 dis=0.98 [R32]; KL r=+0.48 hab=0.73 dis=1.03 [R32]; true EIG r=+0.48 hab=0.64 dis=1.03 [R32]; surprisal r=+0.76 hab=0.96 dis=1.06 [R32]; concept EIG r=+0.86 hab=0.87 dis=1.12 [R32]
figB2: mechanism trajectories written
