a88c4d0 test_ops: skip the clone-one-commit-behind test in a shallow clone
=== 2026-09-17 23:24:33  quadrature 80x30 linear
80x30 linear, 512 rollouts: 202752 rows -> quad_80x30_linear.csv
exp1 familiar 1..11:  13.54  12.23  11.81  11.69  11.57  11.28  11.24  11.31  11.23  11.20  11.11
exp1 novel    2..11:  12.37  12.04  11.90  12.17  12.31  12.32  12.25  12.77  12.59  12.68
exp2 familiar 1..6 :  13.89  12.33  11.91  11.63  11.48  11.31
exp2 pose      @2/4/6:  12.43  12.03  11.85
exp2 number    @2/4/6:  12.46  12.02  11.85
exp2 identity  @2/4/6:  12.51  12.00  12.15
exp2 animacy   @2/4/6:  13.29  13.51  14.18
=== 2026-09-17 23:29:34  quadrature 80x120 linear
80x120 linear, 512 rollouts: 202752 rows -> quad_80x120_linear.csv
exp1 familiar 1..11:  13.54  12.24  11.75  11.64  11.60  11.28  11.20  11.24  11.19  11.00  10.92
exp1 novel    2..11:  12.40  12.01  11.92  12.15  12.13  12.15  12.15  12.40  12.57  12.48
exp2 familiar 1..6 :  13.88  12.36  11.88  11.59  11.49  11.23
exp2 pose      @2/4/6:  12.40  11.98  11.82
exp2 number    @2/4/6:  12.47  11.94  11.76
exp2 identity  @2/4/6:  12.51  11.95  12.12
exp2 animacy   @2/4/6:  13.31  13.47  14.14
=== 2026-09-17 23:45:57  quadrature 160x120 linear
160x120 linear, 512 rollouts: 202752 rows -> quad_160x120_linear.csv
exp1 familiar 1..11:  13.54  12.24  11.75  11.64  11.60  11.28  11.20  11.24  11.19  11.00  10.92
exp1 novel    2..11:  12.40  12.01  11.92  12.15  12.13  12.15  12.15  12.40  12.57  12.48
exp2 familiar 1..6 :  13.88  12.36  11.88  11.59  11.49  11.23
exp2 pose      @2/4/6:  12.40  11.98  11.82
exp2 number    @2/4/6:  12.47  11.94  11.76
exp2 identity  @2/4/6:  12.51  11.95  12.12
exp2 animacy   @2/4/6:  13.31  13.47  14.14
=== 2026-09-18 00:21:03  quadrature 80x30 log
80x30 log, 512 rollouts: 202752 rows -> quad_80x30_log.csv
exp1 familiar 1..11:  13.54  12.25  11.76  11.63  11.59  11.26  11.27  11.24  11.27  11.03  10.95
exp1 novel    2..11:  12.40  12.01  11.92  12.15  12.15  12.17  12.12  12.42  12.65  12.50
exp2 familiar 1..6 :  13.88  12.36  11.88  11.58  11.49  11.23
exp2 pose      @2/4/6:  12.40  11.97  11.80
exp2 number    @2/4/6:  12.47  11.93  11.79
exp2 identity  @2/4/6:  12.51  11.94  12.12
exp2 animacy   @2/4/6:  13.31  13.48  14.13
=== 2026-09-18 00:25:57  done
