739aae8 Portable paths in every cluster-invoked script; resume job for the regeneration
=== 2026-09-14 23:29:02  keep the regens oracle-window selfcons grids for the record
for f in infant_traj_selfcons.npz infant_traj_selfcons_ext.npz; do [ -f $A/$f ] && mv $A/$f $A/${f%.npz}_oraclewin.npz; done

step import win1s exemplar-mean selfcons grids if complete, else recompute
win1 grids complete: True
=== 2026-09-14 23:29:08  score infants
main: 135 settings, 480 rows; human: 15 conditions, 93 infants / 494 test trials

CONSTANT baseline (no-noise / no-learning under exact inference): pooled RMSE 4.860, within RMSE 11.836

=== INFANTS, Exp 1 — POOLED linking (paper protocol: split-half CV RMSE / full-fit R2) ===
metric        mean RMSE  best RMSE  mean R2  best R2 | best-RMSE setting
eig_code          4.704      4.064    0.239    0.753 | V3 a1 b0.1 eps0.5 w1.8e-06  (pred bg1 17.12 bg10 15.51 dev10 17.03)
eig_within        4.673      4.052    0.258    0.763 | V3 a1 b0.1 eps0.5 w1.0e-06  (pred bg1 20.67 bg10 18.60 dev10 20.49)
kl                4.644      4.029    0.273    0.783 | V3 a1 b0.1 eps0.1 w5.6e-03  (pred bg1 2.15 bg10 2.00 dev10 2.15)
mi                4.605      4.073    0.262    0.747 | V3 a1 b0.1 eps0.3 w1.6e-05  (pred bg1 45.49 bg10 41.75 dev10 45.09)
surprisal         4.655      4.113    0.232    0.737 | V1 a10 b0.1 eps0.5 w3.2e-03  (pred bg1 219.24 bg10 211.06 dev10 216.55)
surprisal_b       4.566      4.106    0.296    0.728 | V2 a10 b0.1 eps0.3 w3.2e-03  (pred bg1 391.03 bg10 387.27 dev10 390.09)

=== INFANTS, Exp 1 — WITHIN-SUBJECT linking (deconfounded: subject-demeaned r^2, slope, 10-fold CV RMSE) ===
metric        best r2_w   slope best CV-RMSE_w | best-r2 setting
eig_code          0.037    4.67         11.448 | V3 a1 b0.1 eps0.5 w1.8e-06  (pred bg1 17.12 bg10 15.51 dev10 17.03)
eig_within        0.038    3.76         11.444 | V3 a1 b0.1 eps0.5 w1.0e-06  (pred bg1 20.67 bg10 18.60 dev10 20.49)
kl                0.039   54.03         11.433 | V3 a1 b0.1 eps0.1 w5.6e-03  (pred bg1 2.15 bg10 2.00 dev10 2.15)
mi                0.036    2.01         11.447 | V3 a1 b0.1 eps0.3 w1.6e-05  (pred bg1 45.49 bg10 41.75 dev10 45.09)
surprisal         0.038   -0.03         11.456 | V3 a10 b0.1 eps0.3 w5.6e-01  (pred bg1 146.54 bg10 500.00 dev10 250.50)
surprisal_b       0.035    2.28         11.455 | V3 a10 b0.1 eps0.3 w3.2e-03  (pred bg1 391.30 bg10 387.69 dev10 390.10)

PAPER Table 1 (infants, grid): EIG 3.939/3.696/R2 .330/.457 | KL 3.912/3.658/.339/.386 | Surprisal 4.396/3.601/.179/.465 | NoLearn 4.463/4.135/.067/.295 | NoNoise 4.224/3.875/.198/.323
infeps: 81 settings, 480 rows; human: 15 conditions, 93 infants / 494 test trials

CONSTANT baseline (no-noise / no-learning under exact inference): pooled RMSE 4.860, within RMSE 11.836

=== INFANTS, Exp 1 — POOLED linking (paper protocol: split-half CV RMSE / full-fit R2) ===
metric        mean RMSE  best RMSE  mean R2  best R2 | best-RMSE setting
eig_code          4.809      4.809    0.060    0.060 | V2 a10 b10 epsnan w1.0e-01  (pred bg1 1.97 bg10 1.00 dev10 1.00)
eig_within        4.810      4.809    0.060    0.060 | V1 a10 b0.1 epsnan w5.6e-07  (pred bg1 4.05 bg10 1.01 dev10 1.02)
kl                4.791      4.476    0.079    0.396 | V2 a10 b0.1 epsnan w1.0e-01  (pred bg1 2.52 bg10 1.26 dev10 1.63)
mi                4.809      4.809    0.060    0.060 | V1 a1 b10 epsnan w1.0e-05  (pred bg1 4.94 bg10 1.00 dev10 1.00)
surprisal         4.729      4.620    0.174    0.530 | V1 a1 b1 epsnan w1.2e-02  (pred bg1 189.35 bg10 14.24 dev10 23.38)
surprisal_b       4.581      4.222    0.317    0.794 | V1 a1 b0.1 epsnan w3.2e-03  (pred bg1 382.17 bg10 122.49 dev10 267.78)

=== INFANTS, Exp 1 — WITHIN-SUBJECT linking (deconfounded: subject-demeaned r^2, slope, 10-fold CV RMSE) ===
metric        best r2_w   slope best CV-RMSE_w | best-r2 setting
eig_code          0.004    2.93         11.639 | V2 a10 b10 epsnan w1.0e-01  (pred bg1 1.97 bg10 1.00 dev10 1.00)
eig_within        0.004    0.94         11.639 | V2 a10 b1 epsnan w1.0e-06  (pred bg1 4.03 bg10 1.00 dev10 1.01)
kl                0.018    5.20         11.555 | V2 a10 b0.1 epsnan w1.0e-01  (pred bg1 2.52 bg10 1.26 dev10 1.63)
mi                0.004    0.72         11.639 | V1 a0.1 b10 epsnan w1.0e-05  (pred bg1 4.94 bg10 1.00 dev10 1.00)
surprisal         0.024   -0.01         11.574 | V2 a1 b0.1 epsnan w2.1e+00  (pred bg1 1.02 bg10 500.00 dev10 250.50)
surprisal_b       0.042   -0.02         11.492 | V2 a10 b0.1 epsnan w3.7e-01  (pred bg1 3.36 bg10 500.00 dev10 45.59)

PAPER Table 1 (infants, grid): EIG 3.939/3.696/R2 .330/.457 | KL 3.912/3.658/.339/.386 | Surprisal 4.396/3.601/.179/.465 | NoLearn 4.463/4.135/.067/.295 | NoNoise 4.224/3.875/.198/.323
=== 2026-09-14 23:30:18  score selfcons
combined base+ext: 96 settings
=== INFANTS, Exp 1 — SELF-CONSISTENT noise (inferred eps, noisy samples) ===
metric        mean RMSE  best RMSE  best R2  best r2_w | best-RMSE setting
eig_code          4.732      4.418    0.459      0.023 | V3 a1 b1 sd0.5 sig_true0.1 w1.0e-03 (bg1 43.54 bg10 36.28 dev10 37.97)
kl                4.673      4.466    0.411      0.021 | V1 a1 b0.1 sd0.5 sig_true0.1 w1.0e-07 (bg1 498.58 bg10 494.13 dev10 496.35)
mi                4.686      4.571    0.289      0.017 | V3 a1 b0.1 sd0.5 sig_true0.1 w4.6e-04 (bg1 123.88 bg10 79.97 dev10 82.63)
surprisal         4.713      4.189    0.780      0.040 | V3 a10 b1 sd0.1 sig_true0.2 w1.0e+02 (bg1 1.00 bg10 1.00 dev10 1.00)
surprisal_b       4.559      4.110    0.719      0.036 | V1 a10 b0.1 sd1 sig_true0.2 w5.6e-02 (bg1 79.95 bg10 76.26 dev10 80.69)

=== best SIGN-CONSISTENT (pooled_r > 0, non-saturated) by pooled R2 ===
eig_code     R2 0.459 r +0.68 rmse 4.418 | V3 a1 b1 sd0.5 sig_true0.1 w1.0e-03 (hab 0.83 dis 1.05)
kl           R2 0.373 r +0.61 rmse 4.492 | V3 a1 b0.1 sd0.5 sig_true0.1 w4.6e-05 (hab 0.71 dis 1.06)
mi           R2 0.289 r +0.54 rmse 4.571 | V3 a1 b0.1 sd0.5 sig_true0.1 w4.6e-04 (hab 0.65 dis 1.03)
surprisal    R2 0.618 r +0.79 rmse 4.214 | V3 a10 b1 sd0.1 sig_true0.2 w5.6e+00 (hab 0.96 dis 1.02)
surprisal_b  R2 0.719 r +0.85 rmse 4.110 | V1 a10 b0.1 sd1 sig_true0.2 w5.6e-02 (hab 0.95 dis 1.06)

best sign-consistent pooled R2 by sigma_true x metric:
sigma_true     0.1    0.2    0.3    0.5
metric                                 
eig_code     0.459  0.207  0.213  0.211
kl           0.373  0.344  0.339  0.335
mi           0.289  0.241  0.224  0.218
surprisal    0.418  0.640  0.490  0.422
surprisal_b  0.719  0.719  0.618  0.508

best sign-consistent pooled R2 by sd_epsilon x metric:
sd_epsilon     0.1    0.5    1.0
metric                          
eig_code     0.235  0.459  0.211
kl           0.344  0.373  0.303
mi           0.276  0.289  0.243
surprisal    0.640  0.548  0.453
surprisal_b  0.719  0.666  0.719
=== 2026-09-14 23:30:55  selfcons winners R32
unique winner settings: [(3.0, 1.0, 1.0, 0.5, 0.1), (3.0, 1.0, 0.1, 0.5, 0.1), (1.0, 10.0, 0.1, 1.0, 0.2)]
  8/48 chunks (578s)
  16/48 chunks (654s)
  24/48 chunks (735s)
  32/48 chunks (1173s)
  40/48 chunks (1309s)
  48/48 chunks (1469s)

=== Stage B: winners at R=32 (pooled R2 full; mean+/-SD over four disjoint R=8 groups) ===
eig_code     V3 a1 b1 sd0.5 st0.1 w1.0e-03 | grid R2 0.459 -> R32 R2 0.076 (r +0.28, hab 0.89, dis 0.98); R8-group R2 0.079 +/- 0.056
kl           V3 a1 b0.1 sd0.5 st0.1 w4.6e-05 | grid R2 0.373 -> R32 R2 0.231 (r +0.48, hab 0.73, dis 1.03); R8-group R2 0.224 +/- 0.106
mi           V3 a1 b0.1 sd0.5 st0.1 w4.6e-04 | grid R2 0.289 -> R32 R2 0.229 (r +0.48, hab 0.64, dis 1.03); R8-group R2 0.222 +/- 0.061
surprisal_b  V1 a10 b0.1 sd1 st0.2 w5.6e-02 | grid R2 0.719 -> R32 R2 0.579 (r +0.76, hab 0.96, dis 1.06); R8-group R2 0.497 +/- 0.089
=== 2026-09-14 23:55:28  adults main mean-field
main: 135 settings x 6 metrics x 9 w x 6 pairs  -> 810 jobs
  20/810 jobs done (43s)
  40/810 jobs done (77s)
  60/810 jobs done (90s)
  80/810 jobs done (116s)
  100/810 jobs done (156s)
  120/810 jobs done (179s)
  140/810 jobs done (203s)
  160/810 jobs done (224s)
  180/810 jobs done (255s)
  200/810 jobs done (288s)
  220/810 jobs done (323s)
  240/810 jobs done (343s)
  260/810 jobs done (369s)
  280/810 jobs done (411s)
  300/810 jobs done (430s)
  320/810 jobs done (455s)
  340/810 jobs done (472s)
  360/810 jobs done (506s)
  380/810 jobs done (537s)
  400/810 jobs done (565s)
  420/810 jobs done (580s)
  440/810 jobs done (607s)
  460/810 jobs done (642s)
  480/810 jobs done (675s)
  500/810 jobs done (696s)
  520/810 jobs done (722s)
  540/810 jobs done (755s)
  560/810 jobs done (786s)
  580/810 jobs done (816s)
  600/810 jobs done (828s)
  620/810 jobs done (855s)
  640/810 jobs done (893s)
  660/810 jobs done (915s)
  680/810 jobs done (938s)
  700/810 jobs done (957s)
  720/810 jobs done (990s)
  740/810 jobs done (1023s)
  760/810 jobs done (1053s)
  780/810 jobs done (1074s)
  800/810 jobs done (1102s)
  810/810 jobs done (1147s)
saved /home/users/mcfrank/ranch/RANCH_model/granch_fast/phase1/adult_preds_main.csv: 7290 rows (1147s)
=== 2026-09-15 00:14:37  score adults
CONSTANT baseline: condition-mean RMSE 414 ms (SD of the 75 condition means)

=== ADULTS, Exp 1 — condition-mean linking (R2 full fit; 10-fold CV RMSE in ms) ===
metric        mean R2  best R2  best RMSE | best-R2 setting (bg1 bg2 bg11 | dev1 dev5 dev10)
surprisal_b     0.366    0.796        185 | V1 a10 b0.1 eps0.5 w1.0e-02  (70.02 69.91 69.76 | 69.96 69.93 69.92)  within r2 nan
surprisal       0.349    0.778        193 | V1 a10 b0.1 eps0.5 w1.0e-02  (51.34 50.47 49.17 | 50.80 50.59 50.51)  within r2 nan
kl              0.400    0.828        170 | V1 a1 b0.1 eps0.2 w3.2e-05  (7.45 6.93 6.37 | 7.12 7.21 7.45)  within r2 nan
mi              0.388    0.840        167 | V2 a0.1 b1 eps0.2 w1.0e-04  (8.40 8.13 8.03 | 8.14 8.11 8.24)  within r2 nan
eig_code        0.413    0.801        183 | V1 a10 b0.1 eps0.1 w3.2e-06  (15.57 13.04 9.61 | 14.23 13.85 14.23)  within r2 nan
eig_within      0.433    0.827        170 | V1 a1 b0.1 eps0.3 w3.2e-06  (15.14 13.96 12.70 | 14.38 14.62 15.20)  within r2 nan

best R2 by fixed eps (developmental contrast), eig_code:
eps_fixed
0.1    0.801
0.2    0.774
0.3    0.787
0.5    0.776
1.0    0.629

PAPER Table 1 (adults, grid): EIG R2 .883/.905 | KL .882/.899 | Surprisal .647/.845 | NoLearn .037/.304 | NoNoise .504/.615 (mean/best R2); RMSE(s) EIG .222/.166
/home/users/mcfrank/ranch/RANCH_model/granch_fast/score_phase1_adults21.py:23: RankWarning: Polyfit may be poorly conditioned
  tr = np.setdiff1d(idx, f); bb = np.polyfit(x[tr], y[tr], 1)
/home/users/mcfrank/ranch/RANCH_model/granch_fast/score_phase1_adults21.py:23: RankWarning: Polyfit may be poorly conditioned
  tr = np.setdiff1d(idx, f); bb = np.polyfit(x[tr], y[tr], 1)
/home/users/mcfrank/ranch/RANCH_model/granch_fast/score_phase1_adults21.py:23: RankWarning: Polyfit may be poorly conditioned
  tr = np.setdiff1d(idx, f); bb = np.polyfit(x[tr], y[tr], 1)
/home/users/mcfrank/ranch/RANCH_model/granch_fast/score_phase1_adults21.py:23: RankWarning: Polyfit may be poorly conditioned
  tr = np.setdiff1d(idx, f); bb = np.polyfit(x[tr], y[tr], 1)
/home/users/mcfrank/ranch/RANCH_model/granch_fast/score_phase1_adults21.py:23: RankWarning: Polyfit may be poorly conditioned
  tr = np.setdiff1d(idx, f); bb = np.polyfit(x[tr], y[tr], 1)
/home/users/mcfrank/ranch/RANCH_model/granch_fast/score_phase1_adults21.py:23: RankWarning: Polyfit may be poorly conditioned
  tr = np.setdiff1d(idx, f); bb = np.polyfit(x[tr], y[tr], 1)
/home/users/mcfrank/ranch/RANCH_model/granch_fast/score_phase1_adults21.py:23: RankWarning: Polyfit may be poorly conditioned
  tr = np.setdiff1d(idx, f); bb = np.polyfit(x[tr], y[tr], 1)
/home/users/mcfrank/ranch/RANCH_model/granch_fast/score_phase1_adults21.py:23: RankWarning: Polyfit may be poorly conditioned
  tr = np.setdiff1d(idx, f); bb = np.polyfit(x[tr], y[tr], 1)
/home/users/mcfrank/ranch/RANCH_model/granch_fast/score_phase1_adults21.py:23: RankWarning: Polyfit may be poorly conditioned
  tr = np.setdiff1d(idx, f); bb = np.polyfit(x[tr], y[tr], 1)
/home/users/mcfrank/ranch/RANCH_model/granch_fast/score_phase1_adults21.py:23: RankWarning: Polyfit may be poorly conditioned
  tr = np.setdiff1d(idx, f); bb = np.polyfit(x[tr], y[tr], 1)
/home/users/mcfrank/ranch/RANCH_model/granch_fast/score_phase1_adults21.py:23: RankWarning: Polyfit may be poorly conditioned
  tr = np.setdiff1d(idx, f); bb = np.polyfit(x[tr], y[tr], 1)
/home/users/mcfrank/ranch/RANCH_model/granch_fast/score_phase1_adults21.py:23: RankWarning: Polyfit may be poorly conditioned
  tr = np.setdiff1d(idx, f); bb = np.polyfit(x[tr], y[tr], 1)
/home/users/mcfrank/ranch/RANCH_model/granch_fast/score_phase1_adults21.py:23: RankWarning: Polyfit may be poorly conditioned
  tr = np.setdiff1d(idx, f); bb = np.polyfit(x[tr], y[tr], 1)
/home/users/mcfrank/ranch/RANCH_model/granch_fast/score_phase1_adults21.py:23: RankWarning: Polyfit may be poorly conditioned
  tr = np.setdiff1d(idx, f); bb = np.polyfit(x[tr], y[tr], 1)
/home/users/mcfrank/ranch/RANCH_model/granch_fast/score_phase1_adults21.py:23: RankWarning: Polyfit may be poorly conditioned
  tr = np.setdiff1d(idx, f); bb = np.polyfit(x[tr], y[tr], 1)
/home/users/mcfrank/ranch/RANCH_model/granch_fast/score_phase1_adults21.py:23: RankWarning: Polyfit may be poorly conditioned
  tr = np.setdiff1d(idx, f); bb = np.polyfit(x[tr], y[tr], 1)
/home/users/mcfrank/ranch/RANCH_model/granch_fast/score_phase1_adults21.py:23: RankWarning: Polyfit may be poorly conditioned
  tr = np.setdiff1d(idx, f); bb = np.polyfit(x[tr], y[tr], 1)
/home/users/mcfrank/ranch/RANCH_model/granch_fast/score_phase1_adults21.py:23: RankWarning: Polyfit may be poorly conditioned
  tr = np.setdiff1d(idx, f); bb = np.polyfit(x[tr], y[tr], 1)
/home/users/mcfrank/ranch/RANCH_model/granch_fast/score_phase1_adults21.py:23: RankWarning: Polyfit may be poorly conditioned
  tr = np.setdiff1d(idx, f); bb = np.polyfit(x[tr], y[tr], 1)
/home/users/mcfrank/ranch/RANCH_model/granch_fast/score_phase1_adults21.py:23: RankWarning: Polyfit may be poorly conditioned
  tr = np.setdiff1d(idx, f); bb = np.polyfit(x[tr], y[tr], 1)
/home/users/mcfrank/ranch/RANCH_model/granch_fast/score_phase1_adults21.py:23: RankWarning: Polyfit may be poorly conditioned
  tr = np.setdiff1d(idx, f); bb = np.polyfit(x[tr], y[tr], 1)
/home/users/mcfrank/ranch/RANCH_model/granch_fast/score_phase1_adults21.py:23: RankWarning: Polyfit may be poorly conditioned
  tr = np.setdiff1d(idx, f); bb = np.polyfit(x[tr], y[tr], 1)
/home/users/mcfrank/ranch/RANCH_model/granch_fast/score_phase1_adults21.py:23: RankWarning: Polyfit may be poorly conditioned
  tr = np.setdiff1d(idx, f); bb = np.polyfit(x[tr], y[tr], 1)
/home/users/mcfrank/ranch/RANCH_model/granch_fast/score_phase1_adults21.py:23: RankWarning: Polyfit may be poorly conditioned
  tr = np.setdiff1d(idx, f); bb = np.polyfit(x[tr], y[tr], 1)
/home/users/mcfrank/ranch/RANCH_model/granch_fast/score_phase1_adults21.py:23: RankWarning: Polyfit may be poorly conditioned
  tr = np.setdiff1d(idx, f); bb = np.polyfit(x[tr], y[tr], 1)
/home/users/mcfrank/ranch/RANCH_model/granch_fast/score_phase1_adults21.py:23: RankWarning: Polyfit may be poorly conditioned
  tr = np.setdiff1d(idx, f); bb = np.polyfit(x[tr], y[tr], 1)
/home/users/mcfrank/ranch/RANCH_model/granch_fast/score_phase1_adults21.py:23: RankWarning: Polyfit may be poorly conditioned
  tr = np.setdiff1d(idx, f); bb = np.polyfit(x[tr], y[tr], 1)
/home/users/mcfrank/ranch/RANCH_model/granch_fast/score_phase1_adults21.py:23: RankWarning: Polyfit may be poorly conditioned
  tr = np.setdiff1d(idx, f); bb = np.polyfit(x[tr], y[tr], 1)
/home/users/mcfrank/ranch/RANCH_model/granch_fast/score_phase1_adults21.py:23: RankWarning: Polyfit may be poorly conditioned
  tr = np.setdiff1d(idx, f); bb = np.polyfit(x[tr], y[tr], 1)
/home/users/mcfrank/ranch/RANCH_model/granch_fast/score_phase1_adults21.py:23: RankWarning: Polyfit may be poorly conditioned
  tr = np.setdiff1d(idx, f); bb = np.polyfit(x[tr], y[tr], 1)
/home/users/mcfrank/ranch/RANCH_model/granch_fast/score_phase1_adults21.py:23: RankWarning: Polyfit may be poorly conditioned
  tr = np.setdiff1d(idx, f); bb = np.polyfit(x[tr], y[tr], 1)
/home/users/mcfrank/ranch/RANCH_model/granch_fast/score_phase1_adults21.py:23: RankWarning: Polyfit may be poorly conditioned
  tr = np.setdiff1d(idx, f); bb = np.polyfit(x[tr], y[tr], 1)
/home/users/mcfrank/ranch/RANCH_model/granch_fast/score_phase1_adults21.py:23: RankWarning: Polyfit may be poorly conditioned
  tr = np.setdiff1d(idx, f); bb = np.polyfit(x[tr], y[tr], 1)
/home/users/mcfrank/ranch/RANCH_model/granch_fast/score_phase1_adults21.py:23: RankWarning: Polyfit may be poorly conditioned
  tr = np.setdiff1d(idx, f); bb = np.polyfit(x[tr], y[tr], 1)
/home/users/mcfrank/ranch/RANCH_model/granch_fast/score_phase1_adults21.py:23: RankWarning: Polyfit may be poorly conditioned
  tr = np.setdiff1d(idx, f); bb = np.polyfit(x[tr], y[tr], 1)
/home/users/mcfrank/ranch/RANCH_model/granch_fast/score_phase1_adults21.py:23: RankWarning: Polyfit may be poorly conditioned
  tr = np.setdiff1d(idx, f); bb = np.polyfit(x[tr], y[tr], 1)
/home/users/mcfrank/ranch/RANCH_model/granch_fast/score_phase1_adults21.py:23: RankWarning: Polyfit may be poorly conditioned
  tr = np.setdiff1d(idx, f); bb = np.polyfit(x[tr], y[tr], 1)
/home/users/mcfrank/ranch/RANCH_model/granch_fast/score_phase1_adults21.py:23: RankWarning: Polyfit may be poorly conditioned
  tr = np.setdiff1d(idx, f); bb = np.polyfit(x[tr], y[tr], 1)
/home/users/mcfrank/ranch/RANCH_model/granch_fast/score_phase1_adults21.py:23: RankWarning: Polyfit may be poorly conditioned
  tr = np.setdiff1d(idx, f); bb = np.polyfit(x[tr], y[tr], 1)
/home/users/mcfrank/ranch/RANCH_model/granch_fast/score_phase1_adults21.py:23: RankWarning: Polyfit may be poorly conditioned
  tr = np.setdiff1d(idx, f); bb = np.polyfit(x[tr], y[tr], 1)
/home/users/mcfrank/ranch/RANCH_model/granch_fast/score_phase1_adults21.py:23: RankWarning: Polyfit may be poorly conditioned
  tr = np.setdiff1d(idx, f); bb = np.polyfit(x[tr], y[tr], 1)
/home/users/mcfrank/ranch/RANCH_model/granch_fast/score_phase1_adults21.py:23: RankWarning: Polyfit may be poorly conditioned
  tr = np.setdiff1d(idx, f); bb = np.polyfit(x[tr], y[tr], 1)
/home/users/mcfrank/ranch/RANCH_model/granch_fast/score_phase1_adults21.py:23: RankWarning: Polyfit may be poorly conditioned
  tr = np.setdiff1d(idx, f); bb = np.polyfit(x[tr], y[tr], 1)
/home/users/mcfrank/ranch/RANCH_model/granch_fast/score_phase1_adults21.py:23: RankWarning: Polyfit may be poorly conditioned
  tr = np.setdiff1d(idx, f); bb = np.polyfit(x[tr], y[tr], 1)
/home/users/mcfrank/ranch/RANCH_model/granch_fast/score_phase1_adults21.py:23: RankWarning: Polyfit may be poorly conditioned
  tr = np.setdiff1d(idx, f); bb = np.polyfit(x[tr], y[tr], 1)
/home/users/mcfrank/ranch/RANCH_model/granch_fast/score_phase1_adults21.py:23: RankWarning: Polyfit may be poorly conditioned
  tr = np.setdiff1d(idx, f); bb = np.polyfit(x[tr], y[tr], 1)
=== ADULTS (main), Exp 1 — 21-condition linking (paper's aggregation): mean/best R2, best full RMSE, best 7-fold CV RMSE (ms) ===
metric        meanR2  bestR2  RMSEfull  RMSEcv | best-R2 setting (bg1 bg2 bg11 | dev)
eig_code       0.216   0.900       115     114 | V1 a10 b0.1 eps0.1 w3.2e-06 (15.57 13.04 9.61 | 14.00)
eig_within     0.240   0.899       116     114 | V1 a10 b0.1 eps0.1 w3.2e-06 (17.38 14.26 10.15 | 15.94)
kl             0.223   0.897       117     116 | V1 a10 b0.1 eps0.1 w3.2e-06 (14.02 11.65 8.41 | 12.81)
mi             0.186   0.854       139     134 | V3 a1 b1 eps0.1 w3.2e-05 (8.01 7.88 7.73 | 7.89)
surprisal_b    0.182   0.874       129     133 | V1 a10 b0.1 eps0.1 w4.2e+00 (2.11 2.02 1.89 | 2.05)
surprisal      0.132   0.850       141     144 | V1 a10 b0.1 eps0.5 w1.0e-02 (51.34 50.47 49.17 | 50.60)
constant baseline: RMSE 364 ms

best R2_21 by eps_fixed:
eps_fixed      0.1    0.2    0.3    0.5    1.0
metric                                        
eig_code     0.900  0.863  0.855  0.685  0.366
eig_within   0.899  0.890  0.877  0.690  0.366
kl           0.897  0.879  0.884  0.700  0.455
mi           0.854  0.788  0.763  0.595  0.306
surprisal    0.493  0.267  0.253  0.850  0.739
surprisal_b  0.874  0.864  0.865  0.865  0.739

paper's published grid curves (param-averaged figure data), same statistic:
  EIG         : R2 0.836 RMSE full 147 cv 151 (slope +21)
  KL          : R2 0.882 RMSE full 125 cv 127 (slope +42)
  Surprisal   : R2 0.766 RMSE full 176 cv 189 (slope +130)
  No Noise    : R2 0.378 RMSE full 287 cv 312 (slope +1301)
  No Learning : R2 0.018 RMSE full 361 cv 375 (slope +29785)
paper Table 1 (per-param best/mean, its own CV): EIG R2 .905/.883 RMSE 166/222 ms; KL .899/.882; surprisal .845/.647; no-learning .304/.037; no-noise .615/.504
=== 2026-09-15 00:15:52  phase2 deterministic
PAPER grid Exp-2 (published scaled predictions, rescored): infants R2 0.655 RMSE 1.26 s | adults R2 0.717 RMSE 0.159 s   (paper reports 0.66/1.26 and 0.72/0.16)
human infant Exp-2 means: {'animacy': 21.56, 'background': 16.16, 'identity': 18.0, 'number': 21.2, 'pose': 17.41}

[eig_code | paper] INFANTS V3 a1 b0.1 eps0.5 w1.8e-06: Exp1 CV-RMSE 4.06 R2 0.75 -> Exp2 R2 0.521 RMSE 1.48 s (carried scaling RMSE 10.40); order anim>iden>numb>pose>back; preds back 15.65 pose 15.67 numb 16.76 iden 17.47 anim 22.01
            ADULTS  V1 a10 b0.1 eps0.1 w3.2e-06: Exp1 R2 0.900 -> Exp2 R2 0.746 RMSE 0.150 s; dishab order anim>iden>numb>pose; fam1 16.47 fam6 10.18 pose 12.74 numb 13.53 iden 14.24 anim 16.23

[eig_code | within] INFANTS V3 a1 b0.1 eps0.5 w1.8e-06: Exp1 CV-RMSE 4.06 R2 0.75 -> Exp2 R2 0.521 RMSE 1.48 s (carried scaling RMSE 10.40); order anim>iden>numb>pose>back; preds back 15.65 pose 15.67 numb 16.76 iden 17.47 anim 22.01
            ADULTS  V1 a10 b0.1 eps0.1 w3.2e-06: Exp1 R2 0.900 -> Exp2 R2 0.746 RMSE 0.150 s; dishab order anim>iden>numb>pose; fam1 16.47 fam6 10.18 pose 12.74 numb 13.53 iden 14.24 anim 16.23

[eig_code | joint] INFANTS V3 a10 b0.1 eps0.2 w5.6e-07: Exp1 CV-RMSE 4.10 R2 0.73 -> Exp2 R2 0.530 RMSE 1.47 s (carried scaling RMSE 4.00); order anim>iden>numb>pose>back; preds back 22.56 pose 22.78 numb 27.01 iden 30.66 anim 38.57
            ADULTS  V1 a1 b0.1 eps0.3 w1.0e-05: Exp1 R2 0.855 -> Exp2 R2 0.555 RMSE 0.199 s; dishab order anim>iden>numb>pose; fam1 10.93 fam6 9.33 pose 9.86 numb 10.01 iden 10.38 anim 13.03

[eig_within | paper] INFANTS V3 a1 b0.1 eps0.5 w1.0e-06: Exp1 CV-RMSE 4.05 R2 0.76 -> Exp2 R2 0.521 RMSE 1.48 s (carried scaling RMSE 11.17); order anim>iden>numb>pose>back; preds back 18.76 pose 18.79 numb 20.19 iden 21.04 anim 27.04
            ADULTS  V1 a10 b0.1 eps0.1 w3.2e-06: Exp1 R2 0.899 -> Exp2 R2 0.708 RMSE 0.161 s; dishab order anim>iden>numb>pose; fam1 18.74 fam6 10.90 pose 14.00 numb 15.08 iden 16.18 anim 22.54

[eig_within | within] INFANTS V3 a1 b0.1 eps0.5 w1.0e-06: Exp1 CV-RMSE 4.05 R2 0.76 -> Exp2 R2 0.521 RMSE 1.48 s (carried scaling RMSE 11.17); order anim>iden>numb>pose>back; preds back 18.76 pose 18.79 numb 20.19 iden 21.04 anim 27.04
            ADULTS  V1 a10 b0.1 eps0.1 w3.2e-06: Exp1 R2 0.899 -> Exp2 R2 0.708 RMSE 0.161 s; dishab order anim>iden>numb>pose; fam1 18.74 fam6 10.90 pose 14.00 numb 15.08 iden 16.18 anim 22.54

[eig_within | joint] INFANTS V3 a10 b0.1 eps0.2 w1.0e-07: Exp1 CV-RMSE 4.10 R2 0.74 -> Exp2 R2 0.505 RMSE 1.51 s (carried scaling RMSE 6.67); order anim>iden>numb>pose>back; preds back 34.93 pose 35.29 numb 42.86 iden 50.23 anim 78.45
            ADULTS  V1 a1 b0.1 eps0.3 w3.2e-06: Exp1 R2 0.877 -> Exp2 R2 0.544 RMSE 0.202 s; dishab order anim>iden>numb>pose; fam1 15.66 fam6 13.02 pose 13.81 numb 14.05 iden 14.64 anim 19.27

[kl | paper] INFANTS V3 a1 b0.1 eps0.1 w5.6e-03: Exp1 CV-RMSE 4.03 R2 0.78 -> Exp2 R2 0.438 RMSE 1.60 s (carried scaling RMSE 15.20); order anim>iden>numb>pose>back; preds back 2.01 pose 2.01 numb 2.07 iden 2.20 anim 2.75
            ADULTS  V1 a10 b0.1 eps0.1 w3.2e-06: Exp1 R2 0.897 -> Exp2 R2 0.706 RMSE 0.162 s; dishab order anim>iden>numb>pose; fam1 15.07 fam6 9.06 pose 11.43 numb 12.24 iden 13.06 anim 17.98

[kl | within] INFANTS V3 a1 b0.1 eps0.1 w5.6e-03: Exp1 CV-RMSE 4.03 R2 0.78 -> Exp2 R2 0.438 RMSE 1.60 s (carried scaling RMSE 15.20); order anim>iden>numb>pose>back; preds back 2.01 pose 2.01 numb 2.07 iden 2.20 anim 2.75
            ADULTS  V1 a10 b0.1 eps0.1 w3.2e-06: Exp1 R2 0.897 -> Exp2 R2 0.706 RMSE 0.162 s; dishab order anim>iden>numb>pose; fam1 15.07 fam6 9.06 pose 11.43 numb 12.24 iden 13.06 anim 17.98

[kl | joint] INFANTS V3 a10 b0.1 eps0.2 w1.0e-07: Exp1 CV-RMSE 4.10 R2 0.74 -> Exp2 R2 0.518 RMSE 1.49 s (carried scaling RMSE 5.71); order anim>iden>numb>pose>back; preds back 30.89 pose 31.20 numb 37.46 iden 43.07 anim 62.36
            ADULTS  V1 a1 b0.1 eps0.3 w3.2e-06: Exp1 R2 0.884 -> Exp2 R2 0.547 RMSE 0.201 s; dishab order anim>iden>numb>pose; fam1 15.80 fam6 13.24 pose 14.01 numb 14.23 iden 14.79 anim 19.20

[mi | paper] INFANTS V3 a1 b0.1 eps0.3 w1.6e-05: Exp1 CV-RMSE 4.07 R2 0.75 -> Exp2 R2 0.482 RMSE 1.54 s (carried scaling RMSE 7.10); order anim>iden>numb>pose>back; preds back 42.03 pose 42.04 numb 43.83 iden 46.06 anim 52.30
            ADULTS  V3 a1 b1 eps0.1 w1.0e-04: Exp1 R2 0.848 -> Exp2 R2 0.612 RMSE 0.186 s; dishab order anim>iden>numb>pose; fam1 5.45 fam6 5.25 pose 5.31 numb 5.32 iden 5.34 anim 5.54

[mi | within] INFANTS V3 a1 b0.1 eps0.3 w1.6e-05: Exp1 CV-RMSE 4.07 R2 0.75 -> Exp2 R2 0.482 RMSE 1.54 s (carried scaling RMSE 7.10); order anim>iden>numb>pose>back; preds back 42.03 pose 42.04 numb 43.83 iden 46.06 anim 52.30
            ADULTS  V3 a1 b1 eps0.1 w3.2e-05: Exp1 R2 0.854 -> Exp2 R2 0.605 RMSE 0.188 s; dishab order anim>iden>numb>pose; fam1 8.05 fam6 7.76 pose 7.86 numb 7.87 iden 7.90 anim 8.20

[mi | joint] INFANTS V2 a1 b0.1 eps0.1 w1.2e-03: Exp1 CV-RMSE 4.10 R2 0.74 -> Exp2 R2 0.455 RMSE 1.58 s (carried scaling RMSE 5.37); order anim>iden>numb>pose>back; preds back 4.52 pose 4.54 numb 4.84 iden 5.34 anim 6.27
            ADULTS  V3 a1 b1 eps0.1 w3.2e-04: Exp1 R2 0.829 -> Exp2 R2 0.620 RMSE 0.184 s; dishab order anim>iden>numb>pose; fam1 3.69 fam6 3.55 pose 3.59 numb 3.60 iden 3.61 anim 3.75

[surprisal_b | paper] INFANTS V2 a10 b0.1 eps0.3 w3.2e-03: Exp1 CV-RMSE 4.11 R2 0.73 -> Exp2 R2 0.470 RMSE 1.56 s (carried scaling RMSE 8.78); order anim>iden>numb>pose>back; preds back 387.77 pose 387.78 numb 389.26 iden 391.22 anim 399.11
            ADULTS  V1 a10 b0.1 eps0.1 w4.2e+00: Exp1 R2 0.874 -> Exp2 R2 0.556 RMSE 0.199 s; dishab order anim>iden>numb>pose; fam1 2.20 fam6 1.94 pose 2.02 numb 2.05 iden 2.10 anim 2.54

[surprisal_b | within] INFANTS V3 a10 b0.1 eps0.3 w3.2e-03: Exp1 CV-RMSE 4.11 R2 0.72 -> Exp2 R2 0.489 RMSE 1.53 s (carried scaling RMSE 8.48); order anim>iden>numb>back>pose; preds back 388.37 pose 388.36 numb 389.86 iden 391.35 anim 398.49
            ADULTS  V1 a10 b0.1 eps0.1 w4.2e+00: Exp1 R2 0.874 -> Exp2 R2 0.556 RMSE 0.199 s; dishab order anim>iden>numb>pose; fam1 2.20 fam6 1.94 pose 2.02 numb 2.05 iden 2.10 anim 2.54

[surprisal_b | joint] INFANTS V3 a10 b0.1 eps0.2 w4.2e-02: Exp1 CV-RMSE 4.12 R2 0.72 -> Exp2 R2 0.465 RMSE 1.57 s (carried scaling RMSE 9.05); order anim>iden>numb>pose>back; preds back 76.11 pose 76.14 numb 78.63 iden 82.18 anim 96.34
            ADULTS  V1 a10 b0.1 eps0.3 w1.0e-02: Exp1 R2 0.862 -> Exp2 R2 0.549 RMSE 0.201 s; dishab order anim>iden>numb>pose; fam1 70.73 fam6 70.15 pose 70.34 numb 70.42 iden 70.54 anim 71.63

saved /home/users/mcfrank/ranch/RANCH_model/granch_fast/phase1/phase2_results.csv
=== 2026-09-15 00:20:05  adults selfcons base
adults selfcons: 8 settings x 4 metrics x 9 w x 6 pairs x 16 rollouts, window=exemplar_mean -> 288 jobs
  20/288 jobs done (176s)
  40/288 jobs done (437s)
  60/288 jobs done (787s)
  80/288 jobs done (1002s)
  100/288 jobs done (1444s)
  120/288 jobs done (1642s)
  140/288 jobs done (1971s)
  160/288 jobs done (2158s)
  180/288 jobs done (2452s)
  200/288 jobs done (2678s)
  220/288 jobs done (2969s)
  240/288 jobs done (3325s)
  260/288 jobs done (3547s)
  280/288 jobs done (4158s)
  288/288 jobs done (5082s)
saved /home/users/mcfrank/ranch/RANCH_model/granch_fast/phase1/adult_preds_selfcons.csv: 288 rows (5082s)
=== 2026-09-15 01:44:48  score adults selfcons base
CONSTANT baseline: condition-mean RMSE 414 ms (SD of the 75 condition means)

=== ADULTS, Exp 1 — condition-mean linking (R2 full fit; 10-fold CV RMSE in ms) ===
metric        mean R2  best R2  best RMSE | best-R2 setting (bg1 bg2 bg11 | dev1 dev5 dev10)
eig_code        0.446    0.674        229 | V1 a1 b1 epsnan w1.0e-02  (13.79 7.03 5.79 | 7.16 6.31 4.72)  within r2 nan
kl              0.514    0.699        217 | V1 a10 b0.1 epsnan w3.2e-03  (20.89 10.84 5.86 | 11.43 7.35 6.80)  within r2 nan
mi              0.535    0.672        229 | V1 a1 b0.1 epsnan w1.0e-01  (7.24 3.54 1.96 | 4.05 2.44 2.06)  within r2 nan
surprisal_b     0.128    0.543        280 | V1 a10 b1 epsnan w4.2e+00  (2.74 2.36 2.33 | 2.41 2.56 2.05)  within r2 nan

best R2 by fixed eps (developmental contrast), eig_code:
Series([], )

PAPER Table 1 (adults, grid): EIG R2 .883/.905 | KL .882/.899 | Surprisal .647/.845 | NoLearn .037/.304 | NoNoise .504/.615 (mean/best R2); RMSE(s) EIG .222/.166
=== ADULTS (selfcons), Exp 1 — 21-condition linking (paper's aggregation): mean/best R2, best full RMSE, best 7-fold CV RMSE (ms) ===
metric        meanR2  bestR2  RMSEfull  RMSEcv | best-R2 setting (bg1 bg2 bg11 | dev)
eig_code       0.149   0.264       312     331 | V1 a1 b0.1 epsnan w3.2e-06 (80.00 79.39 75.21 | 77.18)
kl             0.192   0.315       301     318 | V1 a10 b0.1 epsnan w3.2e-03 (20.89 10.84 5.86 | 8.33)
mi             0.186   0.267       312     358 | V1 a1 b0.1 epsnan w1.0e-01 (7.24 3.54 1.96 | 2.53)
surprisal_b    0.077   0.504       256     255 | V1 a10 b0.1 epsnan w7.5e-02 (49.31 47.67 42.45 | 48.20)
constant baseline: RMSE 364 ms

best R2_21 by eps_fixed:
Empty DataFrame
Columns: []
Index: []

paper's published grid curves (param-averaged figure data), same statistic:
  EIG         : R2 0.836 RMSE full 147 cv 151 (slope +21)
  KL          : R2 0.882 RMSE full 125 cv 127 (slope +42)
  Surprisal   : R2 0.766 RMSE full 176 cv 189 (slope +130)
  No Noise    : R2 0.378 RMSE full 287 cv 312 (slope +1301)
  No Learning : R2 0.018 RMSE full 361 cv 375 (slope +29785)
paper Table 1 (per-param best/mean, its own CV): EIG R2 .905/.883 RMSE 166/222 ms; KL .899/.882; surprisal .845/.647; no-learning .304/.037; no-noise .615/.504
=== 2026-09-15 01:44:53  adults selfcons ext
adults selfcons_ext: 32 settings x 4 metrics x 11 w x 6 pairs x 16 rollouts, window=exemplar_mean -> 1408 jobs
  20/1408 jobs done (120s)
  40/1408 jobs done (390s)
  60/1408 jobs done (528s)
  80/1408 jobs done (832s)
  100/1408 jobs done (1062s)
  120/1408 jobs done (1452s)
  140/1408 jobs done (1730s)
  160/1408 jobs done (1892s)
  180/1408 jobs done (2239s)
  200/1408 jobs done (2390s)
  220/1408 jobs done (2695s)
  240/1408 jobs done (2819s)
  260/1408 jobs done (3138s)
  280/1408 jobs done (3225s)
  300/1408 jobs done (3506s)
  320/1408 jobs done (3635s)
  340/1408 jobs done (3874s)
  360/1408 jobs done (4140s)
  380/1408 jobs done (4305s)
  400/1408 jobs done (4604s)
  420/1408 jobs done (4752s)
  440/1408 jobs done (5083s)
  460/1408 jobs done (5296s)
  480/1408 jobs done (5696s)
  500/1408 jobs done (5848s)
  520/1408 jobs done (6183s)
  540/1408 jobs done (6366s)
  560/1408 jobs done (6663s)
  580/1408 jobs done (6886s)
  600/1408 jobs done (6994s)
  620/1408 jobs done (7281s)
  640/1408 jobs done (7395s)
  660/1408 jobs done (7671s)
  680/1408 jobs done (7803s)
  700/1408 jobs done (8145s)
  720/1408 jobs done (8335s)
  740/1408 jobs done (8617s)
  760/1408 jobs done (8753s)
  780/1408 jobs done (9014s)
  800/1408 jobs done (9337s)
  820/1408 jobs done (9538s)
  840/1408 jobs done (9928s)
  860/1408 jobs done (10046s)
  880/1408 jobs done (10401s)
  900/1408 jobs done (10576s)
  920/1408 jobs done (10883s)
  940/1408 jobs done (11003s)
  960/1408 jobs done (11239s)
  980/1408 jobs done (11430s)
  1000/1408 jobs done (11640s)
  1020/1408 jobs done (11834s)
  1040/1408 jobs done (11934s)
  1060/1408 jobs done (12244s)
  1080/1408 jobs done (12367s)
  1100/1408 jobs done (12651s)
  1120/1408 jobs done (12790s)
  1140/1408 jobs done (13105s)
  1160/1408 jobs done (13313s)
  1180/1408 jobs done (13641s)
  1200/1408 jobs done (13864s)
  1220/1408 jobs done (14203s)
  1240/1408 jobs done (14418s)
  1260/1408 jobs done (14628s)
  1280/1408 jobs done (14980s)
  1300/1408 jobs done (15099s)
  1320/1408 jobs done (15449s)
  1340/1408 jobs done (15591s)
  1360/1408 jobs done (15907s)
  1380/1408 jobs done (16013s)
  1400/1408 jobs done (16470s)
  1408/1408 jobs done (17546s)
saved /home/users/mcfrank/ranch/RANCH_model/granch_fast/phase1/adult_preds_selfcons_ext.csv: 1408 rows (17546s)
=== 2026-09-15 06:37:20  adults winners R64
Traceback (most recent call last):
  File "/home/users/mcfrank/ranch/RANCH_model/granch_fast/phase1e_adults_winners.py", line 139, in <module>
    main()
  File "/home/users/mcfrank/ranch/RANCH_model/granch_fast/phase1e_adults_winners.py", line 81, in main
    ap.add_argument("--window", default="exemplar_mean", choices=M.WINDOWS)
                                                                 ^
NameError: name 'M' is not defined
